<?xml version="1.0" encoding="utf-8"?><testsuites><testsuite name="pytest" errors="0" failures="0" skipped="0" tests="7" time="0.698" timestamp="2025-11-12T12:57:54.952563" hostname="As-MacBook-Air-6.local"><testcase classname="tests.test_pipeline" name="test_api_healthz" time="0.119" /><testcase classname="tests.test_pipeline" name="test_api_metrics" time="0.012" /><testcase classname="tests.test_pipeline" name="test_api_pipeline_status" time="0.001" /><testcase classname="tests.test_pipeline" name="test_schema_validation" time="0.006" /><testcase classname="tests.test_pipeline" name="test_schema_validation_invalid" time="0.004" /><testcase classname="tests.test_pipeline" name="test_schema_structure" time="0.000" /><testcase classname="tests.test_pipeline" name="test_generate_reports" time="0.009" /></testsuite></testsuites>